forms\
template.scx
template.sct
programs\main.prg
c:\docume~1\mmagsael\locals~1\temp\
main.fxp
programs\conn.prg
conn.fxp
programs\cohdr.prg
cohdr.fxp
class\
pay.vcx
pay.vct
login.scx
login.sct
auto_ded.scx
auto_ded.sct
payroll.scx
payroll.sct
pis.vcx
pis.vct
paycontent.scx
paycontent.sct
common_.vcx
common_.vct
frmemprates.scx
frmemprates.sct
frmotsetup.scx
frmotsetup.sct
frmearnings.scx
frmearnings.sct
utility.vcx
utility.vct
icons\
icon.ico
graphics\
10_logging copy.gif
hdr5.jpg
preview.bmp
icons2\
save.bmp
25_logtoscreen.gif
open.bmp
04_clear_new.gif
arr33.gif
_add.bmp
_addall.bmp
_remove.bmp
_remall.bmp
nm_checkx.bmp
frmdeductions.scx
frmdeductions.sct
frmpayrollnew.scx
frmpayrollnew.sct
about.scx
about.sct
an_tax.scx
an_tax.sct
autoded.scx
autoded.sct
ded_matrix.scx
ded_matrix.sct
tax_matrix.scx
tax_matrix.sct
frmssstable.scx
frmssstable.sct
frmsemimonthlytax.scx
frmsemimonthlytax.sct
frmphictable.scx
frmphictable.sct
menu\mainmenu.mpr
mainmenu.mpx
bar_.png
wznew.bmp
payslip.bmp
pinout.bmp
login_s.bmp
print.bmp
nm_checko.bmp
paycontrols.vcx
paycontrols.vct
deductionorder.scx
deductionorder.sct
deferred.scx
deferred.sct
class-s.vcx
class-s.vct
payrolladdemp.scx
payrolladdemp.sct
reports\
payslip.frx
payslip.frt
pix\
man.bmp
exit16.bmp
new16.bmp
save16.bmp
xport.bmp
frmusermgr.scx
frmusermgr.sct
frmcharofacct.scx
frmcharofacct.sct
delete16.bmp
frmuserryts.scx
frmuserryts.sct
frmpartialded.scx
frmpartialded.sct
exclamation16.bmp
frmdedsum.scx
frmdedsum.sct
rptdedsum.frx
rptdedsum.frt
frmearnsum.scx
frmearnsum.sct
rptearnsum.frx
rptearnsum.frt
frmbankadvise.scx
frmbankadvise.sct
rptbankadvise.frx
rptbankadvise.frt
rptcashbasis.frx
rptcashbasis.frt
frmdedsumemp.scx
frmdedsumemp.sct
print162.bmp
ps.bmp
vd.bmp
rptdedhist.frx
rptdedhist.frt
frmearnsumemp.scx
frmearnsumemp.sct
rptearnhist.frx
rptearnhist.frt
frmbilling.scx
frmbilling.sct
rptbill.frx
rptbill.frt
frmbillconfig.scx
frmbillconfig.sct
expirationhs.bmp
prinths.bmp
repeaths.bmp
openfolderhs.bmp
warninghs.bmp
sychronizelisths.bmp
documenths.bmp
savehs.bmp
newfolderhs.bmp
addtablehs.bmp
righsrestrictedhs.bmp
frmpypos.scx
frmpypos.sct
frmps.scx
frmps.sct
frmbillingtrans.scx
frmbillingtrans.sct
rpt13thmonthdetailed2.frx
rpt13thmonthdetailed2.frt
rpt13thmonthdetailed.frx
rpt13thmonthdetailed.frt
rpt13thmonthsummary2.frx
rpt13thmonthsummary2.frt
rpt13thmonthsummary.frx
rpt13thmonthsummary.frt
frm13thmonthdetailed.scx
frm13thmonthdetailed.sct
frm13thmonthsummary.scx
frm13thmonthsummary.sct
frmpayrollregister.scx
frmpayrollregister.sct
phic_er2.scx
phic_er2.sct
sss_r1a.scx
sss_r1a.sct
frmpagibigcontribution.scx
frmpagibigcontribution.sct
frmphilhealthcontribution.scx
frmphilhealthcontribution.sct
frmsssloanremittance.scx
frmsssloanremittance.sct
frmpsperemployee.scx
frmpsperemployee.sct
frmpayrollregisterperacct.scx
frmpayrollregisterperacct.sct
frm13dtlperclient.scx
frm13dtlperclient.sct
frm13dtlperemp.scx
frm13dtlperemp.sct
frm13summaryclient.scx
frm13summaryclient.sct
frm13summaryemp.scx
frm13summaryemp.sct
rpt13clientdtl2.frx
rpt13clientdtl2.frt
rpt13clientdtl.frx
rpt13clientdtl.frt
rpt13summaryclient2.frx
rpt13summaryclient2.frt
rpt13summaryclient.frx
rpt13summaryclient.frt
rpt13summaryemp2.frx
rpt13summaryemp2.frt
rpt13summaryemp.frx
rpt13summaryemp.frt
rpt13thmempdtl2.frx
rpt13thmempdtl2.frt
rpt13thmempdtl.frx
rpt13thmempdtl.frt
rpt13register.frx
rpt13register.frt
rpt13register2.frx
rpt13register2.frt
frm13register.scx
frm13register.sct
frmpagibigcontremit.scx
frmpagibigcontremit.sct
frmphicquarterly.scx
frmphicquarterly.sct
frmdedmonthly.scx
frmdedmonthly.sct
rptdedmonthly.frx
rptdedmonthly.frt
frmearnmonthly.scx
frmearnmonthly.sct
frmssscontremit.scx
frmssscontremit.sct
frmhdmfloanremit.scx
frmhdmfloanremit.sct
frmpagibigloanremit.scx
frmpagibigloanremit.sct
geninfo.vcx
geninfo.vct
frmbanktextfile.scx
frmbanktextfile.sct
frmbankcharge.scx
frmbankcharge.sct
rptbankcharge.frx
rptbankcharge.frt
protectformhs.bmp
frmalphalist.scx
frmalphalist.sct
rptalphalist.frx
rptalphalist.frt
frmform2316.scx
frmform2316.sct
rptform2316.frx
rptform2316.frt
frmform1700.scx
frmform1700.sct
rptbirform1700.frx
rptbirform1700.frt
frmaccounttotals.scx
frmaccounttotals.sct
rptaccttotals.frx
rptaccttotals.frt
rptaccttotals1.frx
rptaccttotals1.frt
frmtotalded.scx
frmtotalded.sct
rptgtcl.frx
rptgtcl.frt
rptgttt.frx
rptgttt.frt
frmcancelearn.scx
frmcancelearn.sct
frmnewothers.scx
frmnewothers.sct
frmempsearch.scx
frmempsearch.sct
frmcanceldedn.scx
frmcanceldedn.sct
frmsbquota.scx
frmsbquota.sct
frmdefault.scx
frmdefault.sct
frmdedz.scx
frmdedz.sct
frmearnfinal.scx
frmearnfinal.sct
frmneweditothers.scx
frmneweditothers.sct
programs\functions.prg
functions.fxp
frmcalculator.scx
frmcalculator.sct
frmsumperclient.scx
frmsumperclient.sct
frmchangepass.scx
frmchangepass.sct
payrollx.scx
payrollx.sct
frmpayrollnewx.scx
frmpayrollnewx.sct
payrolladdempx.scx
payrolladdempx.sct
frmwtcr.scx
frmwtcr.sct
form1.scx
form1.sct
payslip2.frx
payslip2.frt
frmssscontremitperclient.scx
frmssscontremitperclient.sct
rptbatching.frx
rptbatching.frt
frmphmo.scx
frmphmo.sct
retirementconfig.scx
retirementconfig.sct
uniformconfig.scx
uniformconfig.sct
mealallowanceconfig.scx
mealallowanceconfig.sct
acctotconfig.scx
acctotconfig.sct
minratesetup.scx
minratesetup.sct
frmalphalistsingle.scx
frmalphalistsingle.sct
.\
fileloc.scx
fileloc.sct
payroll3.scx
payroll3.sct
payrollacctview.scx
payrollacctview.sct
c:\program files\microsoft visual foxpro 9\wizards\
wizembss.vcx
wizembss.vct
wizbtns.vcx
wizbtns.vct
wizbase.vcx
wizbase.vct
c:\program files\microsoft visual foxpro 9\wizards\wizbmps\
wzlocate.bmp
wzprint.bmp
wzclose.bmp
wzdelete.bmp
payroll3.vcx
payroll3.vct
programs\fzeroingflds.prg
fzeroingflds.fxp
programs\fcomputebasicpay.prg
fcomputebasicpay.fxp
programs\fot.prg
fot.fxp
programs\fallowance.prg
fallowance.fxp
programs\fcashbond.prg
fcashbond.fxp
programs\fincentiveleave.prg
fincentiveleave.fxp
programs\fecola.prg
fecola.fxp
programs\fsssprem.prg
fsssprem.fxp
programs\fpagibigprem.prg
fpagibigprem.fxp
programs\fphicprem1.prg
fphicprem1.fxp
programs\ftax.prg
ftax.fxp
programs\fmealallowance.prg
fmealallowance.fxp
programs\fprovisionforretirement.prg
fprovisionforretirement.fxp
programs\funiform.prg
funiform.fxp
programs\calcloans.prg
calcloans.fxp
programs\loadgrpdedn.prg
loadgrpdedn.fxp
programs\loadschedearn.prg
loadschedearn.fxp
rptotherearn1.frx
rptotherearn1.frt
rptotherearn2.frx
rptotherearn2.frt
rptotherearn3.frx
rptotherearn3.frt
rptotherded1.frx
rptotherded1.frt
rptotherded2.frx
rptotherded2.frt
rptotherded3.frx
rptotherded3.frt
frmacctcode.scx
frmacctcode.sct
frmblancerep.scx
frmblancerep.sct
rptpypos.frx
rptpypos.frt
rptpyr.frx
rptpyr.frt
rptpagibigcontribution.frx
rptpagibigcontribution.frt
rptphilhealthcontribution.frx
rptphilhealthcontribution.frt
rptsssremit.frx
rptsssremit.frt
rptpagigbigcontremit.frx
rptpagigbigcontremit.frt
rptssscontremit.frx
rptssscontremit.frt
rpthdmfloanremit.frx
rpthdmfloanremit.frt
rptpagibigloanremit.frx
rptpagibigloanremit.frt
rptsumperclient.frx
rptsumperclient.frt
rptwtcr.frx
rptwtcr.frt
rptphmo.frx
rptphmo.frt
rptbalancerep.frx
rptbalancerep.frt
programs\fclassifytax.prg
fclassifytax.fxp
programs\fpayrollfooter.prg
fpayrollfooter.fxp
programs\minimumnet.prg
minimumnet.fxp
frm132register.scx
frm132register.sct
frmalphalist2.scx
frmalphalist2.sct
frmalphalistsingle2.scx
frmalphalistsingle2.sct
frmba13.scx
frmba13.sct
frmminimumsetup.scx
frmminimumsetup.sct
frmpagibigperclient.scx
frmpagibigperclient.sct
frmphmoperclient.scx
frmphmoperclient.sct
payroll2.scx
payroll2.sct
payrolladdemp3.scx
payrolladdemp3.sct
rptalphalist2.frx
rptalphalist2.frt
rptalphalist3.frx
rptalphalist3.frt
rptbal.frx
rptbal.frt
rptbankadvise13.frx
rptbankadvise13.frt
rptbankadvise132.frx
rptbankadvise132.frt
rptbankcharge13.frx
rptbankcharge13.frt
rptcashbasis13.frx
rptcashbasis13.frt
rptcashbasis132.frx
rptcashbasis132.frt
rptphquarter.frx
rptphquarter.frt
rptpyrzzz.frx
rptpyrzzz.frt
rptsb.frx
rptsb.frt
frmblancerep2.scx
frmblancerep2.sct
programs\sample.prg
sample.fxp
frmuploadloans.scx
frmuploadloans.sct
fix.scx
fix.sct
frmar.scx
frmar.sct
frmregistermaster.scx
frmregistermaster.sct
frmssscontremit2.scx
frmssscontremit2.sct
tax refund.scx
tax refund.sct
payslip3.frx
payslip3.frt
rptform2316v2.frx
rptform2316v2.frt
frmtrreport.scx
frmtrreport.sct
payslip2pdf.frx
payslip2pdf.frt
payslippdf.frx
payslippdf.frt
